[root@localhost ~]# yum install stratis-cli
Updating Subscription Management repositories.
Error: There are no enabled repositories in "/etc/yum.repos.d", "/etc/yum/repos.d", "/etc/distro.repos.d".

https://access.redhat.com/discussions/3066851

[root@localhost ~]# cd /etc/yum.repos.d
[root@localhost yum.repos.d]# ls
redhat.repo
[root@localhost yum.repos.d]# cd /etc/yum/repos.d
bash: cd: /etc/yum/repos.d: No such file or directory
[root@localhost yum.repos.d]# cd /etc/distro.repos.d
bash: cd: /etc/distro.repos.d: No such file or directory

[root@localhost yum.repos.d]# subscription-manager status
+-------------------------------------------+
   System Status Details
+-------------------------------------------+
Overall Status: Invalid

Red Hat Enterprise Linux for x86_64 Beta:
- Not supported by a valid subscription.

System Purpose Status: Not Specified

[root@localhost yum.repos.d]# yum repolist
Updating Subscription Management repositories.

[root@localhost yum.repos.d]# sudo subscription-manager repos --enable redhat.repo
Error: 'redhat.repo' does not match a valid repository ID. Use "subscription-manager repos --list" to see valid repositories.

[root@localhost yum.repos.d]# subscription-manager repos --list
+----------------------------------------------------------+
    Available Repositories in /etc/yum.repos.d/redhat.repo
+----------------------------------------------------------+
Repo ID:   rhel-atomic-7-cdk-3.5-source-rpms
Repo Name: Red Hat Container Development Kit 3.5 /(Source RPMs)
Repo URL:  https://cdn.redhat.com/content/dist/rhel/atomic/7/7Server/$basearch/cdk/3.5/source/SRPMS
Enabled:   0

Repo ID:   rhel-atomic-7-cdk-3.1-debug-rpms
Repo Name: Red Hat Container Development Kit 3.1 /(Debug RPMs)
Repo URL:  https://cdn.redhat.com/content/dist/rhel/atomic/7/7Server/$basearch/cdk/3.1/debug
Enabled:   0

Repo ID:   rhel-atomic-7-cdk-3.6-rpms
Repo Name: Red Hat Container Development Kit 3.6 /(RPMs)
Repo URL:  https://cdn.redhat.com/content/dist/rhel/atomic/7/7Server/$basearch/cdk/3.6/os
Enabled:   0

Repo ID:   rhel-atomic-7-cdk-3.2-rpms
Repo Name: Red Hat Container Development Kit 3.2 /(RPMs)
Repo URL:  https://cdn.redhat.com/content/dist/rhel/atomic/7/7Server/$basearch/cdk/3.2/os
Enabled:   0

Repo ID:   rhv-4-tools-beta-for-rhel-8-x86_64-source-rpms
Repo Name: Red Hat Virtualization 4 Tools Beta for RHEL 8 x86_64 (Source RPMs)
Repo URL:  https://cdn.redhat.com/content/beta/layered/rhel8/x86_64/rhv-tools/4/source/SRPMS
Enabled:   0

Repo ID:   rhel-atomic-7-cdk-3.5-debug-rpms
Repo Name: Red Hat Container Development Kit 3.5 /(Debug RPMs)
Repo URL:  https://cdn.redhat.com/content/dist/rhel/atomic/7/7Server/$basearch/cdk/3.5/debug
Enabled:   0

Repo ID:   rhel-atomic-7-cdk-2.4-debug-rpms
Repo Name: Red Hat Container Development Kit 2.4 /(Debug RPMs)
Repo URL:  https://cdn.redhat.com/content/dist/rhel/atomic/7/7Server/$basearch/cdk/2.4/debug
Enabled:   0

Repo ID:   rhel-atomic-7-cdk-3.0-debug-rpms
Repo Name: Red Hat Container Development Kit 3.0 /(Debug RPMs)
Repo URL:  https://cdn.redhat.com/content/dist/rhel/atomic/7/7Server/$basearch/cdk/3.0/debug
Enabled:   0

Repo ID:   rhel-atomic-7-cdk-3.13-rpms
Repo Name: Red Hat Container Development Kit 3.13 /(RPMs)
Repo URL:  https://cdn.redhat.com/content/dist/rhel/atomic/7/7Server/$basearch/cdk/3.13/os
Enabled:   0

Repo ID:   rhel-atomic-7-cdk-3.11-rpms
Repo Name: Red Hat Container Development Kit 3.11 /(RPMs)
Repo URL:  https://cdn.redhat.com/content/dist/rhel/atomic/7/7Server/$basearch/cdk/3.11/os
Enabled:   0

Repo ID:   rhel-atomic-7-cdk-3.1-rpms
Repo Name: Red Hat Container Development Kit 3.1 /(RPMs)
Repo URL:  https://cdn.redhat.com/content/dist/rhel/atomic/7/7Server/$basearch/cdk/3.1/os
Enabled:   0

Repo ID:   rhel-atomic-7-cdk-3.9-rpms
Repo Name: Red Hat Container Development Kit 3.9 /(RPMs)
Repo URL:  https://cdn.redhat.com/content/dist/rhel/atomic/7/7Server/$basearch/cdk/3.9/os
Enabled:   0

Repo ID:   rhel-atomic-7-cdk-3.0-source-rpms
Repo Name: Red Hat Container Development Kit 3.0 /(Source RPMs)
Repo URL:  https://cdn.redhat.com/content/dist/rhel/atomic/7/7Server/$basearch/cdk/3.0/source/SRPMS
Enabled:   0

Repo ID:   rhel-atomic-7-cdk-2.3-debug-rpms
Repo Name: Red Hat Container Development Kit 2.3 /(Debug RPMs)
Repo URL:  https://cdn.redhat.com/content/dist/rhel/atomic/7/7Server/$basearch/cdk/2.3/debug
Enabled:   0

Repo ID:   rhv-4-tools-beta-for-rhel-8-x86_64-debug-rpms
Repo Name: Red Hat Virtualization 4 Tools Beta for RHEL 8 x86_64 (Debug RPMs)
Repo URL:  https://cdn.redhat.com/content/beta/layered/rhel8/x86_64/rhv-tools/4/debug
Enabled:   0

Repo ID:   rhel-atomic-7-cdk-3.6-source-rpms
Repo Name: Red Hat Container Development Kit 3.6 /(Source RPMs)
Repo URL:  https://cdn.redhat.com/content/dist/rhel/atomic/7/7Server/$basearch/cdk/3.6/source/SRPMS
Enabled:   0

Repo ID:   rhel-atomic-7-cdk-3.5-rpms
Repo Name: Red Hat Container Development Kit 3.5 /(RPMs)
Repo URL:  https://cdn.redhat.com/content/dist/rhel/atomic/7/7Server/$basearch/cdk/3.5/os
Enabled:   0

Repo ID:   rhel-atomic-7-cdk-3.8-rpms
Repo Name: Red Hat Container Development Kit 3.8 /(RPMs)
Repo URL:  https://cdn.redhat.com/content/dist/rhel/atomic/7/7Server/$basearch/cdk/3.8/os
Enabled:   0

Repo ID:   rhel-atomic-7-cdk-3.0-beta-debug-rpms
Repo Name: Red Hat Container Development Kit 3.0 Beta /(Debug RPMs)
Repo URL:  https://cdn.redhat.com/content/beta/rhel/atomic/7/$basearch/cdk/3.0/debug
Enabled:   0

Repo ID:   rhel-atomic-7-cdk-3.2-debug-rpms
Repo Name: Red Hat Container Development Kit 3.2 /(Debug RPMs)
Repo URL:  https://cdn.redhat.com/content/dist/rhel/atomic/7/7Server/$basearch/cdk/3.2/debug
Enabled:   0

Repo ID:   rhel-atomic-7-cdk-2.4-source-rpms
Repo Name: Red Hat Container Development Kit 2.4 /(Source RPMs)
Repo URL:  https://cdn.redhat.com/content/dist/rhel/atomic/7/7Server/$basearch/cdk/2.4/source/SRPMS
Enabled:   0

Repo ID:   rhel-atomic-7-cdk-3.7-rpms
Repo Name: Red Hat Container Development Kit 3.7 /(RPMs)
Repo URL:  https://cdn.redhat.com/content/dist/rhel/atomic/7/7Server/$basearch/cdk/3.7/os
Enabled:   0

Repo ID:   rhel-atomic-7-cdk-3.6-debug-rpms
Repo Name: Red Hat Container Development Kit 3.6 /(Debug RPMs)
Repo URL:  https://cdn.redhat.com/content/dist/rhel/atomic/7/7Server/$basearch/cdk/3.6/debug
Enabled:   0

Repo ID:   rhel-atomic-7-cdk-3.10-rpms
Repo Name: Red Hat Container Development Kit 3.10 /(RPMs)
Repo URL:  https://cdn.redhat.com/content/dist/rhel/atomic/7/7Server/$basearch/cdk/3.10/os
Enabled:   0

Repo ID:   rhel-atomic-7-cdk-3.0-rpms
Repo Name: Red Hat Container Development Kit 3.0 /(RPMs)
Repo URL:  https://cdn.redhat.com/content/dist/rhel/atomic/7/7Server/$basearch/cdk/3.0/os
Enabled:   0

Repo ID:   rhel-atomic-7-cdk-3.2-source-rpms
Repo Name: Red Hat Container Development Kit 3.2 /(Source RPMs)
Repo URL:  https://cdn.redhat.com/content/dist/rhel/atomic/7/7Server/$basearch/cdk/3.2/source/SRPMS
Enabled:   0

Repo ID:   rhel-atomic-7-cdk-3.4-source-rpms
Repo Name: Red Hat Container Development Kit 3.4 /(Source RPMs)
Repo URL:  https://cdn.redhat.com/content/dist/rhel/atomic/7/7Server/$basearch/cdk/3.4/source/SRPMS
Enabled:   0

Repo ID:   rhel-atomic-7-cdk-3.3-rpms
Repo Name: Red Hat Container Development Kit 3.3 /(RPMs)
Repo URL:  https://cdn.redhat.com/content/dist/rhel/atomic/7/7Server/$basearch/cdk/3.3/os
Enabled:   0

Repo ID:   rhel-atomic-7-cdk-3.12-rpms
Repo Name: Red Hat Container Development Kit 3.12 /(RPMs)
Repo URL:  https://cdn.redhat.com/content/dist/rhel/atomic/7/7Server/$basearch/cdk/3.12/os
Enabled:   0

Repo ID:   rhel-atomic-7-cdk-3.4-debug-rpms
Repo Name: Red Hat Container Development Kit 3.4 /(Debug RPMs)
Repo URL:  https://cdn.redhat.com/content/dist/rhel/atomic/7/7Server/$basearch/cdk/3.4/debug
Enabled:   0

Repo ID:   rhel-atomic-7-cdk-2.3-rpms
Repo Name: Red Hat Container Development Kit 2.3 /(RPMs)
Repo URL:  https://cdn.redhat.com/content/dist/rhel/atomic/7/7Server/$basearch/cdk/2.3/os
Enabled:   0

Repo ID:   rhel-atomic-7-cdk-3.4-rpms
Repo Name: Red Hat Container Development Kit 3.4 /(RPMs)
Repo URL:  https://cdn.redhat.com/content/dist/rhel/atomic/7/7Server/$basearch/cdk/3.4/os
Enabled:   0

Repo ID:   rhel-atomic-7-cdk-2.3-source-rpms
Repo Name: Red Hat Container Development Kit 2.3 /(Source RPMs)
Repo URL:  https://cdn.redhat.com/content/dist/rhel/atomic/7/7Server/$basearch/cdk/2.3/source/SRPMS
Enabled:   0

Repo ID:   rhel-atomic-7-cdk-2.4-rpms
Repo Name: Red Hat Container Development Kit 2.4 /(RPMs)
Repo URL:  https://cdn.redhat.com/content/dist/rhel/atomic/7/7Server/$basearch/cdk/2.4/os
Enabled:   0

Repo ID:   rhel-atomic-7-cdk-3.0-beta-source-rpms
Repo Name: Red Hat Container Development Kit 3.0 Beta /(Source RPMs)
Repo URL:  https://cdn.redhat.com/content/beta/rhel/atomic/7/$basearch/cdk/3.0/source/SRPMS
Enabled:   0

Repo ID:   rhv-4-tools-beta-for-rhel-8-x86_64-rpms
Repo Name: Red Hat Virtualization 4 Tools Beta for RHEL 8 x86_64 (RPMs)
Repo URL:  https://cdn.redhat.com/content/beta/layered/rhel8/x86_64/rhv-tools/4/os
Enabled:   0

Repo ID:   rhel-atomic-7-cdk-3.3-debug-rpms
Repo Name: Red Hat Container Development Kit 3.3 /(Debug RPMs)
Repo URL:  https://cdn.redhat.com/content/dist/rhel/atomic/7/7Server/$basearch/cdk/3.3/debug
Enabled:   0

Repo ID:   rhel-atomic-7-cdk-3.3-source-rpms
Repo Name: Red Hat Container Development Kit 3.3 /(Source RPMs)
Repo URL:  https://cdn.redhat.com/content/dist/rhel/atomic/7/7Server/$basearch/cdk/3.3/source/SRPMS
Enabled:   0

Repo ID:   rhel-atomic-7-cdk-3.1-source-rpms
Repo Name: Red Hat Container Development Kit 3.1 /(Source RPMs)
Repo URL:  https://cdn.redhat.com/content/dist/rhel/atomic/7/7Server/$basearch/cdk/3.1/source/SRPMS
Enabled:   0

[root@localhost yum.repos.d]# subscription-manager repos --enable rhel-atomic-7-cdk-3.5-source-rpms
Repository 'rhel-atomic-7-cdk-3.5-source-rpms' is enabled for this system.

[root@localhost ~]# yum -y install stratis-cli
Updating Subscription Management repositories.
Red Hat Container Development Kit 3.5 /(Source RPMs)                                    11  B/s |  10  B     00:00    
Errors during downloading metadata for repository 'rhel-atomic-7-cdk-3.5-source-rpms':
  - Status code: 404 for https://cdn.redhat.com/content/dist/rhel/atomic/7/7Server/x86_64/cdk/3.5/source/SRPMS/repodata/repomd.xml (IP: 184.51.36.251)
Error: Failed to download metadata for repo 'rhel-atomic-7-cdk-3.5-source-rpms': Cannot download repomd.xml: Cannot download repodata/repomd.xml: All mirrors were tried


https://linuxconfig.org/enable-subscription-management-repositories-on-redhat-8-linux

[root@localhost ~]# subscription-manager repos --enable=*
Repository 'rhel-atomic-7-cdk-2.3-rpms' is enabled for this system.
Repository 'rhv-4-tools-beta-for-rhel-8-x86_64-rpms' is enabled for this system.
Repository 'rhel-atomic-7-cdk-2.4-source-rpms' is enabled for this system.
Repository 'rhel-atomic-7-cdk-3.11-rpms' is enabled for this system.
Repository 'rhel-atomic-7-cdk-3.5-source-rpms' is enabled for this system.
Repository 'rhel-atomic-7-cdk-3.6-rpms' is enabled for this system.
Repository 'rhel-atomic-7-cdk-3.9-rpms' is enabled for this system.
Repository 'rhv-4-tools-beta-for-rhel-8-x86_64-debug-rpms' is enabled for this system.
Repository 'rhel-atomic-7-cdk-2.4-debug-rpms' is enabled for this system.
Repository 'rhel-atomic-7-cdk-3.2-rpms' is enabled for this system.
Repository 'rhel-atomic-7-cdk-3.7-rpms' is enabled for this system.
Repository 'rhel-atomic-7-cdk-3.0-beta-source-rpms' is enabled for this system.
Repository 'rhel-atomic-7-cdk-3.12-rpms' is enabled for this system.
Repository 'rhel-atomic-7-cdk-3.5-rpms' is enabled for this system.
Repository 'rhel-atomic-7-cdk-3.4-source-rpms' is enabled for this system.
Repository 'rhel-atomic-7-cdk-3.10-rpms' is enabled for this system.
Repository 'rhel-atomic-7-cdk-3.1-source-rpms' is enabled for this system.
Repository 'rhel-atomic-7-cdk-2.3-debug-rpms' is enabled for this system.
Repository 'rhel-atomic-7-cdk-3.2-source-rpms' is enabled for this system.
Repository 'rhel-atomic-7-cdk-3.0-rpms' is enabled for this system.
Repository 'rhel-atomic-7-cdk-3.4-rpms' is enabled for this system.
Repository 'rhel-atomic-7-cdk-3.0-beta-debug-rpms' is enabled for this system.
Repository 'rhv-4-tools-beta-for-rhel-8-x86_64-source-rpms' is enabled for this system.
Repository 'rhel-atomic-7-cdk-3.5-debug-rpms' is enabled for this system.
Repository 'rhel-atomic-7-cdk-3.2-debug-rpms' is enabled for this system.
Repository 'rhel-atomic-7-cdk-3.1-debug-rpms' is enabled for this system.
Repository 'rhel-atomic-7-cdk-3.3-debug-rpms' is enabled for this system.
Repository 'rhel-atomic-7-cdk-3.1-rpms' is enabled for this system.
Repository 'rhel-atomic-7-cdk-3.6-debug-rpms' is enabled for this system.
Repository 'rhel-atomic-7-cdk-3.3-rpms' is enabled for this system.
Repository 'rhel-atomic-7-cdk-3.0-debug-rpms' is enabled for this system.
Repository 'rhel-atomic-7-cdk-3.6-source-rpms' is enabled for this system.
Repository 'rhel-atomic-7-cdk-3.3-source-rpms' is enabled for this system.
Repository 'rhel-atomic-7-cdk-2.3-source-rpms' is enabled for this system.
Repository 'rhel-atomic-7-cdk-3.0-source-rpms' is enabled for this system.
Repository 'rhel-atomic-7-cdk-3.4-debug-rpms' is enabled for this system.
Repository 'rhel-atomic-7-cdk-3.8-rpms' is enabled for this system.
Repository 'rhel-atomic-7-cdk-2.4-rpms' is enabled for this system.
Repository 'rhel-atomic-7-cdk-3.13-rpms' is enabled for this system.

[root@localhost ~]# yum -y install stratis-cli
Updating Subscription Management repositories.
Red Hat Container Development Kit 3.5 /(Debug RPMs)                                     13  B/s |  10  B     00:00    
Errors during downloading metadata for repository 'rhel-atomic-7-cdk-3.5-debug-rpms':
  - Status code: 404 for https://cdn.redhat.com/content/dist/rhel/atomic/7/7Server/x86_64/cdk/3.5/debug/repodata/repomd.xml (IP: 184.51.36.251)
Error: Failed to download metadata for repo 'rhel-atomic-7-cdk-3.5-debug-rpms': Cannot download repomd.xml: Cannot download repodata/repomd.xml: All mirrors were tried

https://access.redhat.com/discussions/4656371

[root@localhost ~]# subscription-manager repos --disable rhel-atomic-7-cdk-3.14-rpms
Repository 'rhel-atomic-7-cdk-3.14-rpms' is disabled for this system.
[root@localhost ~]# subscription-manager repos --enable rhel-atomic-7-cdk-3.14-rpms
Repository 'rhel-atomic-7-cdk-3.14-rpms' is enabled for this system.

[root@localhost ~]# subscription-manager refresh
All local data refreshed
[root@localhost ~]# yum clean all
Updating Subscription Management repositories.
88 files removed
[root@localhost ~]# yum repolist

Updating Subscription Management repositories.
repo id                                                                                     repo name
rhel-atomic-7-cdk-2.3-debug-rpms                                                            Red Hat Container Development Kit 2.3 /(Debug RPMs)
rhel-atomic-7-cdk-2.3-rpms                                                                  Red Hat Container Development Kit 2.3 /(RPMs)
rhel-atomic-7-cdk-2.3-source-rpms                                                           Red Hat Container Development Kit 2.3 /(Source RPMs)
rhel-atomic-7-cdk-2.4-debug-rpms                                                            Red Hat Container Development Kit 2.4 /(Debug RPMs)
rhel-atomic-7-cdk-2.4-rpms                                                                  Red Hat Container Development Kit 2.4 /(RPMs)
rhel-atomic-7-cdk-2.4-source-rpms                                                           Red Hat Container Development Kit 2.4 /(Source RPMs)
rhel-atomic-7-cdk-3.0-beta-debug-rpms                                                       Red Hat Container Development Kit 3.0 Beta /(Debug RPMs)
rhel-atomic-7-cdk-3.0-beta-source-rpms                                                      Red Hat Container Development Kit 3.0 Beta /(Source RPMs)
rhel-atomic-7-cdk-3.0-debug-rpms                                                            Red Hat Container Development Kit 3.0 /(Debug RPMs)
rhel-atomic-7-cdk-3.0-rpms                                                                  Red Hat Container Development Kit 3.0 /(RPMs)
rhel-atomic-7-cdk-3.0-source-rpms                                                           Red Hat Container Development Kit 3.0 /(Source RPMs)
rhel-atomic-7-cdk-3.1-debug-rpms                                                            Red Hat Container Development Kit 3.1 /(Debug RPMs)
rhel-atomic-7-cdk-3.1-rpms                                                                  Red Hat Container Development Kit 3.1 /(RPMs)
rhel-atomic-7-cdk-3.1-source-rpms                                                           Red Hat Container Development Kit 3.1 /(Source RPMs)
rhel-atomic-7-cdk-3.10-rpms                                                                 Red Hat Container Development Kit 3.10 /(RPMs)
rhel-atomic-7-cdk-3.11-rpms                                                                 Red Hat Container Development Kit 3.11 /(RPMs)
rhel-atomic-7-cdk-3.12-rpms                                                                 Red Hat Container Development Kit 3.12 /(RPMs)
rhel-atomic-7-cdk-3.13-rpms                                                                 Red Hat Container Development Kit 3.13 /(RPMs)
rhel-atomic-7-cdk-3.14-rpms                                                                 Red Hat Container Development Kit 3.14 /(RPMs)
rhel-atomic-7-cdk-3.2-debug-rpms                                                            Red Hat Container Development Kit 3.2 /(Debug RPMs)
rhel-atomic-7-cdk-3.2-rpms                                                                  Red Hat Container Development Kit 3.2 /(RPMs)
rhel-atomic-7-cdk-3.2-source-rpms                                                           Red Hat Container Development Kit 3.2 /(Source RPMs)
rhel-atomic-7-cdk-3.3-debug-rpms                                                            Red Hat Container Development Kit 3.3 /(Debug RPMs)
rhel-atomic-7-cdk-3.3-rpms                                                                  Red Hat Container Development Kit 3.3 /(RPMs)
rhel-atomic-7-cdk-3.3-source-rpms                                                           Red Hat Container Development Kit 3.3 /(Source RPMs)
rhel-atomic-7-cdk-3.4-debug-rpms                                                            Red Hat Container Development Kit 3.4 /(Debug RPMs)
rhel-atomic-7-cdk-3.4-rpms                                                                  Red Hat Container Development Kit 3.4 /(RPMs)
rhel-atomic-7-cdk-3.4-source-rpms                                                           Red Hat Container Development Kit 3.4 /(Source RPMs)
rhel-atomic-7-cdk-3.5-debug-rpms                                                            Red Hat Container Development Kit 3.5 /(Debug RPMs)
rhel-atomic-7-cdk-3.5-rpms                                                                  Red Hat Container Development Kit 3.5 /(RPMs)
rhel-atomic-7-cdk-3.5-source-rpms                                                           Red Hat Container Development Kit 3.5 /(Source RPMs)
rhel-atomic-7-cdk-3.6-debug-rpms                                                            Red Hat Container Development Kit 3.6 /(Debug RPMs)
rhel-atomic-7-cdk-3.6-rpms                                                                  Red Hat Container Development Kit 3.6 /(RPMs)
rhel-atomic-7-cdk-3.6-source-rpms                                                           Red Hat Container Development Kit 3.6 /(Source RPMs)
rhel-atomic-7-cdk-3.7-rpms                                                                  Red Hat Container Development Kit 3.7 /(RPMs)
rhel-atomic-7-cdk-3.8-rpms                                                                  Red Hat Container Development Kit 3.8 /(RPMs)
rhel-atomic-7-cdk-3.9-rpms                                                                  Red Hat Container Development Kit 3.9 /(RPMs)
rhv-4-tools-beta-for-rhel-8-x86_64-debug-rpms                                               Red Hat Virtualization 4 Tools Beta for RHEL 8 x86_64 (Debug RPMs)
rhv-4-tools-beta-for-rhel-8-x86_64-rpms                                                     Red Hat Virtualization 4 Tools Beta for RHEL 8 x86_64 (RPMs)
rhv-4-tools-beta-for-rhel-8-x86_64-source-rpms                                              Red Hat Virtualization 4 Tools Beta for RHEL 8 x86_64 (Source RPMs)
