[root@localhost lisa]# man -k rsyslogd
rsyslog.conf (5)     - rsyslogd(8) configuration file
rsyslogd (8)         - reliable and extended syslogd

[root@localhost log]# pwd
/var/log
[root@localhost log]# ls -al
total 10372
drwxr-xr-x. 19 root   root      4096 Feb 21 15:43 .
drwxr-xr-x. 22 root   root      4096 Jan 25 00:57 ..
drwxr-xr-x.  2 root   root      4096 Jan 23 00:06 anaconda
drwx------.  2 root   root        23 Jan 23 00:07 audit
-rw-------.  1 root   root     10606 Feb 21 15:43 boot.log
-rw-------.  1 root   root    143748 Feb 15 17:09 boot.log-20210215
-rw-rw----.  1 root   utmp       768 Feb  2 22:58 btmp
drwxr-xr-x.  2 chrony chrony       6 Nov 19  2019 chrony
-rw-------.  1 root   root      4604 Feb 21 16:11 cron
-rw-------.  1 root   root     32939 Feb 21 03:13 cron-20210221
drwxr-xr-x.  2 lp     sys        135 Feb 21 03:13 cups
-rw-------.  1 root   root      9402 Feb 21 15:53 dnf.librepo.log
-rw-r--r--.  1 root   root    185575 Feb 21 02:24 dnf.librepo.log-20210221
-rw-r--r--.  1 root   root    530074 Feb 21 15:53 dnf.log
-rw-r--r--.  1 root   root     31754 Feb 21 15:53 dnf.rpm.log
-rw-r-----.  1 root   root      3162 Feb 21 15:43 firewalld
drwx--x--x.  2 root   gdm          6 Sep 17 09:31 gdm
drwxr-xr-x.  2 root   root         6 Nov  3 08:05 glusterfs
-rw-------.  1 root   root       255 Feb 21 15:53 hawkey.log
-rw-r--r--.  1 root   root      7956 Feb 21 00:24 hawkey.log-20210221
drwx------.  2 root   root       160 Feb 21 03:13 httpd
-rw-rw-r--.  1 root   utmp    293460 Feb 21 15:48 lastlog
drwx------.  3 root   root        18 Jan 22 23:47 libvirt
-rw-------.  1 root   root         0 Feb 21 03:13 maillog
-rw-------.  1 root   root         0 Jan 22 23:39 maillog-20210221
-rw-------.  1 root   root    487707 Feb 21 16:15 messages
-rw-------.  1 root   root   8819367 Feb 21 03:13 messages-20210221
drwxrwx---.  2 apache root        23 Feb 21 15:43 php-fpm
drwx------.  2 root   root         6 Jan 22 23:38 private
drwxr-xr-x.  2 root   root         6 Dec 22 14:46 qemu-ga
drwxr-xr-x.  2 root   root       149 Feb 21 03:13 rhsm
drwx------.  3 root   root        17 Jan 22 23:39 samba
-rw-------.  1 root   root      2058 Feb 21 15:56 secure
-rw-------.  1 root   root     51485 Feb 20 22:57 secure-20210221
drwx------.  2 root   root         6 May 17  2019 speech-dispatcher
-rw-------.  1 root   root         0 Feb 21 03:13 spooler
-rw-------.  1 root   root         0 Jan 22 23:39 spooler-20210221
drwxr-x---.  2 sssd   sssd       191 Feb 21 03:13 sssd
drwxr-xr-x.  3 root   root        21 Jan 22 23:47 swtpm
drwxr-xr-x.  2 root   root        23 Jan  4 09:24 tuned
-rw-------.  1 root   root       741 Feb 21 13:19 vmware-network.1.log
-rw-------.  1 root   root      6987 Feb 20 20:29 vmware-network.2.log
-rw-------.  1 root   root      6987 Feb 18 23:35 vmware-network.3.log
-rw-------.  1 root   root      6987 Feb 17 22:57 vmware-network.4.log
-rw-------.  1 root   root      6987 Feb 15 16:53 vmware-network.5.log
-rw-------.  1 root   root       719 Feb 13 18:02 vmware-network.6.log
-rw-------.  1 root   root       741 Feb 13 17:59 vmware-network.7.log
-rw-------.  1 root   root      1102 Feb 13 17:01 vmware-network.8.log
-rw-------.  1 root   root      1402 Feb 11 00:20 vmware-network.9.log
-rw-------.  1 root   root       719 Feb 21 15:43 vmware-network.log
-rw-------.  1 root   root     21500 Feb 21 15:43 vmware-vgauthsvc.log.0
-rw-------.  1 root   root     52188 Feb 21 15:43 vmware-vmsvc-root.log
-rw-------.  1 root   root      2610 Feb 21 15:43 vmware-vmtoolsd-root.log
-rw-rw-r--.  1 root   utmp     28032 Feb 21 15:44 wtmp
-rw-r--r--.  1 root   root     22052 Jan 23 00:10 Xorg.9.log



$ vi /etc/rsyslog.conf
#### RULES ####

# Log all kernel messages to the console.
# Logging much else clutters up the screen.
#kern.*                                                 /dev/console

# Log anything (except mail) of level info or higher.
# Don't log private authentication messages!
*.info;mail.none;authpriv.none;cron.none                /var/log/messages

# The authpriv file has restricted access.
authpriv.*                                              /var/log/secure

# Log all the mail messages in one place.
mail.*                                                  -/var/log/maillog

# Log cron stuff
cron.*                                                  /var/log/cron

# Everybody gets emergency messages
*.emerg                                                 :omusrmsg:*

# Save news errors of level crit and higher in a special file.
uucp,news.crit                                          /var/log/spooler

# Save boot messages also to boot.log
local7.*                                                /var/log/boot.log


$ tail -f /var/log/messages

Feb 21 16:19:54 localhost org.gnome.Shell.desktop[6330]: Window manager warning: W3 appears to be one of the offending windows with a timestamp of 2219053.  Working around...
Feb 21 16:19:54 localhost org.gnome.Shell.desktop[6330]: Window manager warning: last_user_time (2219267) is greater than comparison timestamp (2219191).  This most likely represents a buggy client sending inaccurate timestamps in messages such as _NET_ACTIVE_WINDOW.  Trying to work around...
Feb 21 16:19:54 localhost org.gnome.Shell.desktop[6330]: Window manager warning: W3 appears to be one of the offending windows with a timestamp of 2219267.  Working around...


The format of the log file:
date and time
host where the message is originated from
service or process name
message content