Identify CPU/memory intensive processes and kill processes
# what's the load average vs cpu cores

$ top
$ uptime

$ lscpu


# to kill a process
$ top

$ killall
$ kill

$ pgrep
$ pkill



[root@localhost lisa]# uptime
 22:43:06 up 1 day,  2:01,  1 user,  load average: 3.78, 3.76, 3.72


R: running
S: sleeping, waiting for an event to complete
D: uninterruptible sleep， waiting for i/o
T: Stopped, after using Ctrl-Z (Ctrl-Z: pause the job, the job is still in memory)
Z: Zombie


load average: 3.91, 3.65, 3.52
                1min 5min 15min
load average = number of processes in runnable state + uninterruptable sleep 
i.e running + waiting for I/O



[root@localhost lisa]# man -k cpu | grep lscpu
lscpu (1)            - display information about the CPU architecture


[root@localhost lisa]# lscpu
Architecture:        x86_64
CPU op-mode(s):      32-bit, 64-bit
Byte Order:          Little Endian
CPU(s):              2
On-line CPU(s) list: 0,1
Thread(s) per core:  1
Core(s) per socket:  1
Socket(s):           2
NUMA node(s):        1
Vendor ID:           GenuineIntel
CPU family:          6
Model:               142
Model name:          Intel(R) Core(TM) i7-7660U CPU @ 2.50GHz
Stepping:            9
CPU MHz:             2495.999
BogoMIPS:            4991.99
Hypervisor vendor:   VMware
Virtualization type: full
L1d cache:           32K
L1i cache:           32K
L2 cache:            256K
L3 cache:            4096K
...


signal (7)           - overview of signals


       Signal     Value     Action   Comment
       ──────────────────────────────────────────────────────────────────────
       SIGHUP        1       Term    Hangup detected on controlling terminal
                                     or death of controlling process
       SIGINT        2       Term    Interrupt from keyboard
       SIGQUIT       3       Core    Quit from keyboard
       SIGILL        4       Core    Illegal Instruction
       SIGABRT       6       Core    Abort signal from abort(3)
       SIGFPE        8       Core    Floating-point exception
       SIGKILL       9       Term    Kill signal
       SIGSEGV      11       Core    Invalid memory reference
       SIGPIPE      13       Term    Broken pipe: write to pipe with no
                                     readers; see pipe(7)
       SIGALRM      14       Term    Timer signal from alarm(2)
       SIGTERM      15       Term    Termination signal
       SIGUSR1   30,10,16    Term    User-defined signal 1
       SIGUSR2   31,12,17    Term    User-defined signal 2
       SIGCHLD   20,17,18    Ign     Child stopped or terminated
       SIGCONT   19,18,25    Cont    Continue if stopped
       SIGSTOP   17,19,23    Stop    Stop process
       SIGTSTP   18,20,24    Stop    Stop typed at terminal
       SIGTTIN   21,21,26    Stop    Terminal input for background process
       SIGTTOU   22,22,27    Stop    Terminal output for background process


       SIGHUP        1       Term    Hangup detected on controlling terminal
                                     or death of controlling process
       SIGKILL       9       Term    Kill signal                        => force process to stop   
       SIGTERM      15       Term    Termination signal         => default signal used in kill command: kill PID



KILL(1)                                                        User Commands                                                       KILL(1)

NAME
       kill - terminate a process

SYNOPSIS
       kill [-signal|-s signal|-p] [-q value] [-a] [--] pid|name...
       -l, --list [number]
              Print a list of signal names, or convert the given signal number to a name.  The signals can be found in /usr/include/linux/signal.h

[root@localhost ~]# kill -l
 1) SIGHUP	 2) SIGINT	 3) SIGQUIT	 4) SIGILL	 5) SIGTRAP
 6) SIGABRT	 7) SIGBUS	 8) SIGFPE	 9) SIGKILL	10) SIGUSR1
11) SIGSEGV	12) SIGUSR2	13) SIGPIPE	14) SIGALRM	15) SIGTERM
..



pgrep - look up the PID

pkill - kill the process
$ pkill dd

PGREP(1)                                                       User Commands                                                      PGREP(1)

NAME
       pgrep, pkill - look up or signal processes based on name and other attributes

SYNOPSIS
       pgrep [options] pattern
       pkill [options] pattern