# this tutorial forward httpd log to rsyslogd. Httpd was to send the logs directly to the file. Now it's configured to send to the facility as well.
# Configuration needs to be done on both sides: httpd and rsyslog
# httpd sends the log to the rsyslog facility, local1
# rsyslog receives the log from the facility and forward the log to the local directories: /var/log

# install httpd, installed


# config httpd service to use the log service in a desired way

[root@localhost ~]# man -k httpd
httpd (8)            - Apache Hypertext Transfer Protocol Server
httpd-init.service (8) - httpd unit files for systemd
httpd.conf (5)       - Configuration files for httpd
httpd.service (8)    - httpd unit files for systemd
httpd.socket (8)     - httpd unit files for systemd
httpd@.service (8)   - httpd unit files for systemd
ostree-trivial-httpd (1) - Simple webserver


HTTPD.CONF(5)                        httpd.conf                       HTTPD.CONF(5)

NAME
       httpd.conf - Configuration files for httpd

SYNOPSIS
       /etc/httpd/conf/httpd.conf, /etc/httpd/conf.modules.d, /etc/httpd/conf.d


# locate the lines to config logging

[root@localhost ~]# grep -B10 log /etc/httpd/conf/httpd.conf
# <URL:http://httpd.apache.org/docs/2.4/mod/directives.html>
# for a discussion of each configuration directive.
#
# See the httpd.conf(5) man page for more information on this configuration,
# and httpd.service(8) on using and configuring the httpd service.
#
# Do NOT simply read the instructions in here without understanding
# what they do.  They're here only as hints or reminders.  If you are unsure
# consult the online docs. You have been warned.  
#
# Configuration and logfile names: If the filenames you specify for many
# of the server's control files begin with "/" (or "drive:/" for Win32), the
# server will use that explicit path.  If the filenames do *not* begin
# with "/", the value of ServerRoot is prepended -- so 'log/access_log'
# with ServerRoot set to '/www' will be interpreted by the
# server as '/www/log/access_log', where as '/log/access_log' will be
# interpreted as '/log/access_log'.


#
# ErrorLog: The location of the error log file.
# If you do not specify an ErrorLog directive within a <VirtualHost>
# container, error messages relating to that virtual host will be
# logged here.  If you *do* define an error logfile for a <VirtualHost>
# container, that host's errors will be logged there and not here.
#
ErrorLog "logs/error_log"        -> Use ServerRoot/logs/error_log as the log file

#
# LogLevel: Control the number of messages logged to the error_log.
# Possible values include: debug, info, notice, warn, error, crit,
# alert, emerg.
#
LogLevel warn

[root@localhost log]# grep ServerRoot /etc/httpd/conf/httpd.conf
# with "/", the value of ServerRoot is prepended -- so 'log/access_log'
# with ServerRoot set to '/www' will be interpreted by the
# ServerRoot: The top of the directory tree under which the server's
# ServerRoot at a non-local disk, be sure to specify a local disk on the
# same ServerRoot for multiple httpd daemons, you will need to change at
ServerRoot "/etc/httpd"

# log file
[root@localhost log]# cd /etc/httpd/logs/
[root@localhost logs]# ls -al
total 32
drwx------.  2 root root  213 Feb 28 11:39 .
drwxr-xr-x. 20 root root 4096 Mar 26 22:03 ..
-rw-r--r--.  1 root root    0 Feb 28 11:39 access_log
-rw-r--r--.  1 root root  158 Jan 25 01:19 access_log-20210221
-rw-r--r--.  1 root root  327 Feb 21 21:50 access_log-20210228
-rw-r--r--.  1 root root    0 Feb 28 11:39 error_log
-rw-r--r--.  1 root root 9262 Feb 21 03:13 error_log-20210221
-rw-r--r--.  1 root root 1633 Feb 21 21:36 error_log-20210228
-rw-r--r--.  1 root root    0 Jan 25 22:20 ssl_access_log
-rw-r--r--.  1 root root    0 Jan 25 22:20 ssl_error_log
-rw-r--r--.  1 root root    0 Jan 25 22:20 ssl_request_log


[root@localhost logs]# head error_log-20210221
[Mon Jan 25 01:05:54.264720 2021] [core:notice] [pid 5873:tid 139649151187264] SELinux policy enabled; httpd running as context system_u:system_r:httpd_t:s0
[Mon Jan 25 01:05:54.269613 2021] [suexec:notice] [pid 5873:tid 139649151187264] AH01232: suEXEC mechanism enabled (wrapper: /usr/sbin/suexec)
AH00558: httpd: Could not reliably determine the server's fully qualified domain name, using localhost.localdomain. Set the 'ServerName' directive globally to suppress this message
[Mon Jan 25 01:05:54.301558 2021] [lbmethod_heartbeat:notice] [pid 5873:tid 139649151187264] AH02282: No slotmem from mod_heartmonitor
...

$ man httpd.conf
   Configuration structure
       The main configuration file (httpd.conf) sets up various defaults and
       includes configuration files from two directories -
       /etc/httpd/conf.modules.d and /etc/httpd/conf.d. Packages containing
       loadable modules (like mod_ssl.so) place files in the conf.modules.d
       directory with the appropriate LoadModule directive so that module is loaded
       by default.

       Some notable configured defaults are:.

       DocumentRoot /var/www/html
           The default document root from which content is served.

       Listen 80
           The daemon lists on TCP port 80.

       ErrorLog "logs/error_log"
           Error messages are logged to /var/log/httpd/error_log.



# Add the line making httpd to send the log to rsyslog local1
$ vi /etc/httpd/conf/httpd.conf
#
# ErrorLog: The location of the error log file.
# If you do not specify an ErrorLog directive within a <VirtualHost>
# container, error messages relating to that virtual host will be
# logged here.  If you *do* define an error logfile for a <VirtualHost>
# container, that host's errors will be logged there and not here.
#
ErrorLog "logs/error_log"
ErrorLog syslog:local1




# restart the service to reload the config
[root@localhost ~]# systemctl restart httpd



# rsyslog forwards the log from local1 to /var/log
[root@localhost ~]# man 5 rsyslog.conf

FILES
       /etc/rsyslog.conf
              Configuration file for rsyslogd

[root@localhost ~]# cd /etc/rsyslog.d
[root@localhost rsyslog.d]# ls -al
total 12
drwxr-xr-x.   2 root root    6 Jul 20  2020 .
drwxr-xr-x. 144 root root 8192 Feb 21 21:46 ..
[root@localhost rsyslog.d]# vi rsyslog-httpd.conf

local1.error    /var/log/httpd-error.log


# example from /etc/rsyslog.conf
# Save boot messages also to boot.log
local7.*                                                /var/log/boot.log



# rsyslog reloads config
$ systemctl restart rsyslog

# test
# visit a page that doesn't exist
$ curl http://localhost | less

# errror msg sent to the newly created log file
[root@localhost rsyslog.d]# cat /var/log/httpd-error.log
Feb 21 21:49:29 localhost httpd[12754]: [authz_core:error] [pid 12754:tid 140161543264000] [client ::1:35604] AH01630: client denied by server configuration: /webfiles/
Feb 21 21:49:51 localhost httpd[12756]: [authz_core:error] [pid 12756:tid 140161895626496] [client ::1:35606] AH01630: client denied by server configuration: /webfiles/test
Feb 21 21:49:59 localhost httpd[12754]: [authz_core:error] [pid 12754:tid 140161710855936] [client ::1:35608] AH01630: client denied by server configuration: /webfiles/
Feb 21 21:50:01 localhost httpd[12756]: [authz_core:error] [pid 12756:tid 140161878841088] [client ::1:35610] AH01630: client denied by server configuration: /webfiles/