1. check ip address
$ ip addr
2. check routing
$ ip route
3. check netowkr link
$ ip link

IP(8)                                          Linux                                         IP(8)

NAME
       ip - show / manipulate routing, network devices, interfaces and tunnels

SYNOPSIS
       ip [ OPTIONS ] OBJECT { COMMAND | help }

       ip [ -force ] -batch filename

       OBJECT := { link | address | addrlabel | route | rule | neigh | ntable | tunnel | tuntap |
               maddress | mroute | mrule | monitor | xfrm | netns | l2tp | tcp_metrics | token |
               macsec | vrf | mptcp }

       OPTIONS := { -V[ersion] | -h[uman-readable] | -s[tatistics] | -d[etails] | -r[esolve] |
               -iec | -f[amily] { inet | inet6 | link } | -4 | -6 | -I | -D | -B | -0 | -l[oops] {
               maximum-addr-flush-attempts } | -o[neline] | -rc[vbuf] [size] | -t[imestamp] |
               -ts[hort] | -n[etns] name | -N[umeric] | -a[ll] | -c[olor] | -br[ief] | -j[son] |
               -p[retty] }

   COMMAND
       Specifies the action to perform on the object.  The set of possible actions depends on the
       object type.  As a rule, it is possible to add, delete and show (or list ) objects, but
       some objects do not allow all of these operations or have some additional commands. The
       help command is available for all objects. It prints out a list of available commands and
       argument syntax conventions.

       If no command is given, some default command is assumed.  Usually it is list or, if the
       objects of this class cannot be listed, help.


[root@localhost ~]# ip address 
add      change   del      flush    help     replace  show     

[root@localhost ~]# ip address help
Usage: ip address {add|change|replace} IFADDR dev IFNAME [ LIFETIME ]
                                                      [ CONFFLAG-LIST ]
       ip address del IFADDR dev IFNAME [mngtmpaddr]
       ip address {save|flush} [ dev IFNAME ] [ scope SCOPE-ID ]
                            [ to PREFIX ] [ FLAG-LIST ] [ label LABEL ] [up]
       ip address [ show [ dev IFNAME ] [ scope SCOPE-ID ] [ master DEVICE ]
                         [ type TYPE ] [ to PREFIX ] [ FLAG-LIST ]
                         [ label LABEL ] [up] [ vrf NAME ] ]
       ip address {showdump|restore}
       
IFADDR := PREFIX | ADDR peer PREFIX
          [ broadcast ADDR ] [ anycast ADDR ]
          [ label IFNAME ] [ scope SCOPE-ID ] [ metric METRIC ]
SCOPE-ID := [ host | link | global | NUMBER ]
FLAG-LIST := [ FLAG-LIST ] FLAG
FLAG  := [ permanent | dynamic | secondary | primary |
           [-]tentative | [-]deprecated | [-]dadfailed | temporary |
           CONFFLAG-LIST ]
CONFFLAG-LIST := [ CONFFLAG-LIST ] CONFFLAG
CONFFLAG  := [ home | nodad | mngtmpaddr | noprefixroute | autojoin ]
LIFETIME := [ valid_lft LFT ] [ preferred_lft LFT ]
LFT := forever | SECONDS
TYPE := { vlan | veth | vcan | vxcan | dummy | ifb | macvlan | macvtap |
          bridge | bond | ipoib | ip6tnl | ipip | sit | vxlan | lowpan |
          gre | gretap | erspan | ip6gre | ip6gretap | ip6erspan | vti |
          nlmon | can | bond_slave | ipvlan | geneve | bridge_slave |
          hsr | macsec | netdevsim }
          
[root@localhost ~]# ip address show 
cni-podman0   dev           label         primary       temporary     up            virbr0-nic
dadfailed     dynamic       lo            scope         tentative     vethae469269  
deprecated    ens33         permanent     secondary     to            virbr0        

# check interface
# the most important are interface name, IP, boardcast address and status

[root@localhost ~]# ip address show 
1: lo: <LOOPBACK,UP,LOWER_UP> mtu 65536 qdisc noqueue state UNKNOWN group default qlen 1000
    link/loopback 00:00:00:00:00:00 brd 00:00:00:00:00:00
    inet 127.0.0.1/8 scope host lo
       valid_lft forever preferred_lft forever
    inet6 ::1/128 scope host 
       valid_lft forever preferred_lft forever
2: ens33: <BROADCAST,MULTICAST,UP,LOWER_UP> mtu 1500 qdisc fq_codel state UP group default qlen 1000
    link/ether 00:0c:29:8f:90:80 brd ff:ff:ff:ff:ff:ff
    inet 192.168.219.130/24 brd 192.168.219.255 scope global dynamic noprefixroute ens33
       valid_lft 970sec preferred_lft 970sec
    inet6 fe80::86b1:edf6:3cbb:3e1f/64 scope link noprefixroute 
       valid_lft forever preferred_lft forever


# config interface
# not persistent
$ ip address add 10.0.0.10/24 dev INTERFACE_NAME


[root@localhost ~]# ip addr 
add      change   del      flush    help     replace  show     
[root@localhost ~]# ip addr add 
[root@localhost ~]# ip addr help
Usage: ip address {add|change|replace} IFADDR dev IFNAME [ LIFETIME ]
                                                      [ CONFFLAG-LIST ]




[root@localhost ~]# ip link show
1: lo: <LOOPBACK,UP,LOWER_UP> mtu 65536 qdisc noqueue state UNKNOWN mode DEFAULT group default qlen 1000
    link/loopback 00:00:00:00:00:00 brd 00:00:00:00:00:00
2: ens33: <BROADCAST,MULTICAST,UP,LOWER_UP> mtu 1500 qdisc fq_codel state UP mode DEFAULT group default qlen 1000
    link/ether 00:0c:29:8f:90:80 brd ff:ff:ff:ff:ff:ff

# check link
# the most important are link status and MAC address
 
[root@localhost ~]# ip -s link show
1: lo: <LOOPBACK,UP,LOWER_UP> mtu 65536 qdisc noqueue state UNKNOWN mode DEFAULT group default qlen 1000
    link/loopback 00:00:00:00:00:00 brd 00:00:00:00:00:00
    RX: bytes  packets  errors  dropped overrun mcast   
    204        2        0       0       0       0       
    TX: bytes  packets  errors  dropped carrier collsns 
    204        2        0       0       0       0       
2: ens33: <BROADCAST,MULTICAST,UP,LOWER_UP> mtu 1500 qdisc fq_codel state UP mode DEFAULT group default qlen 1000
    link/ether 00:0c:29:8f:90:80 brd ff:ff:ff:ff:ff:ff
    RX: bytes  packets  errors  dropped overrun mcast   
    13852727   32082    0       0       0       0       
    TX: bytes  packets  errors  dropped carrier collsns 
    212867     2660     0       0       0       0       
RX: receive
TX: transmit


In case the link is down, you can bring it up:
$ ip link set ens33 up

[root@localhost ~]# ip link 
add     delete  help    set     show    

[root@localhost ~]# ip link set 
cni-podman0   ens33         lo            vethae469269  virbr0        virbr0-nic    

[root@localhost ~]# ip link set ens33 
address       arp           dynamic       name          trailers      
alias         broadcast     mtu           netns         txqueuelen    
allmulticast  down          multicast     promisc       up            

# check routing
# the most important are default gateway router: 192.168.219.2 which can be reached from ens33
[root@localhost ~]# ip route show
default via 192.168.219.2 dev ens33 proto dhcp metric 100  => it's assigned by dhcp, use metric to pick the best route
192.168.219.0/24 dev ens33 proto kernel scope link src 192.168.219.130 metric 100  => auto assigned to local network (interface)

# check ports and services
$ ss -lt

SS(8)                                      System Manager's Manual                                      SS(8)

NAME
       ss - another utility to investigate sockets

SYNOPSIS
       ss [options] [ FILTER ]

DESCRIPTION
       ss  is  used to dump socket statistics. It allows showing information similar to netstat.  It can dis‐
       play more TCP and state information than other tools.



       -l, --listening
              Display only listening sockets (these are omitted by default).
       -t, --tcp
              Display TCP sockets.


[root@localhost ~]# ss -lt
State        Recv-Q       Send-Q             Local Address:Port               Peer Address:Port      
LISTEN       0            128                      0.0.0.0:sunrpc                  0.0.0.0:*         
LISTEN       0            128                      0.0.0.0:ssh                     0.0.0.0:*         
LISTEN       0            5                      127.0.0.1:ipp                     0.0.0.0:*         
LISTEN       0            128                         [::]:sunrpc                     [::]:*         
LISTEN       0            128                            *:http                          *:*         
LISTEN       0            128                         [::]:ssh                        [::]:*         
LISTEN       0            5                          [::1]:ipp                        [::]:*         
LISTEN       0            128                            *:https                         *:*         


# listing port and address
# 127.0.0.01 and ::1 are listening to local process only




[root@localhost ~]# ss -tul
Netid     State      Recv-Q     Send-Q          Local Address:Port             Peer Address:Port     
udp       UNCONN     0          0              0.0.0.0%virbr0:bootps                0.0.0.0:*        
udp       UNCONN     0          0                     0.0.0.0:58440                 0.0.0.0:*        
udp       UNCONN     0          0                     0.0.0.0:sunrpc                0.0.0.0:*        
udp       UNCONN     0          0                     0.0.0.0:mdns                  0.0.0.0:*        
udp       UNCONN     0          0                   127.0.0.1:323                   0.0.0.0:*        
udp       UNCONN     0          0                        [::]:51221                    [::]:*        
udp       UNCONN     0          0                        [::]:sunrpc                   [::]:*        
udp       UNCONN     0          0                        [::]:mdns                     [::]:*        
udp       UNCONN     0          0                       [::1]:323                      [::]:*        
tcp       LISTEN     0          128                   0.0.0.0:sunrpc                0.0.0.0:*        
tcp       LISTEN     0          128                   0.0.0.0:ssh                   0.0.0.0:*        
tcp       LISTEN     0          5                   127.0.0.1:ipp                   0.0.0.0:*        
tcp       LISTEN     0          128                      [::]:sunrpc                   [::]:*        
tcp       LISTEN     0          128                         *:http                        *:*        
tcp       LISTEN     0          128                      [::]:ssh                      [::]:*        
tcp       LISTEN     0          5                       [::1]:ipp                      [::]:*        
tcp       LISTEN     0          128                         *:https                       *:*        

[root@localhost ~]# netstat -altp
Active Internet connections (servers and established)
Proto Recv-Q Send-Q Local Address           Foreign Address         State       PID/Program name    
tcp        0      0 0.0.0.0:sunrpc          0.0.0.0:*               LISTEN      1/systemd           
tcp        0      0 0.0.0.0:ssh             0.0.0.0:*               LISTEN      1156/sshd           
tcp        0      0 localhost:ipp           0.0.0.0:*               LISTEN      1155/cupsd          
tcp6       0      0 [::]:sunrpc             [::]:*                  LISTEN      1/systemd           
tcp6       0      0 [::]:http               [::]:*                  LISTEN      1263/httpd          
tcp6       0      0 [::]:ssh                [::]:*                  LISTEN      1156/sshd           
tcp6       0      0 localhost:ipp           [::]:*                  LISTEN      1155/cupsd          
tcp6       0      0 [::]:https              [::]:*                  LISTEN      1263/httpd          


NETSTAT(8)                           Linux System Administrator's Manual                           NETSTAT(8)

NAME
       netstat - Print network connections, routing tables, interface statistics, masquerade connections, and
       multicast memberships
SYNOPSIS
       netstat  [address_family_options]  [--tcp|-t]   [--udp|-u]   [--udplite|-U]   [--sctp|-S]   [--raw|-w]
       [--l2cap|-2]    [--rfcomm|-f]    [--listening|-l]    [--all|-a]    [--numeric|-n]    [--numeric-hosts]
       [--numeric-ports] [--numeric-users] [--symbolic|-N] [--extend|-e[--extend|-e]]  [--timers|-o]  [--pro‐
       gram|-p] [--verbose|-v] [--continuous|-c] [--wide|-W] [delay]

       
NOTES
       This  program  is  mostly  obsolete.  Replacement for netstat is ss.  Replacement for netstat -r is ip
       route.  Replacement for netstat -i is ip -s link.  Replacement for netstat -g is ip maddr.

