Create a 4-GiB volume group, using a physical extent size of 2 MiB. In this
volume group, create a 1-GiB logical volume with the name myfiles and
mount it persistently on /myfiles.


# check for available space for the volume group

[root@localhost lisa]# lsblk
NAME        MAJ:MIN RM  SIZE RO TYPE MOUNTPOINT
sda           8:0    0   20G  0 disk 
├─sda1        8:1    0    1G  0 part /boot
└─sda2        8:2    0   19G  0 part 
  ├─cl-root 253:0    0   17G  0 lvm  /
  └─cl-swap 253:1    0    2G  0 lvm  [SWAP]
sdb           8:16   0   20G  0 disk 
sr0          11:0    1  8.6G  0 rom  /run/media/lisa/CentOS-8-3-2011-x86_64-dvd

[root@localhost lisa]# lsblk -p
NAME                    MAJ:MIN RM  SIZE RO TYPE MOUNTPOINT
/dev/sda                  8:0    0   20G  0 disk 
├─/dev/sda1               8:1    0    1G  0 part /boot
└─/dev/sda2               8:2    0   19G  0 part 
  ├─/dev/mapper/cl-root 253:0    0   17G  0 lvm  /
  └─/dev/mapper/cl-swap 253:1    0    2G  0 lvm  [SWAP]
/dev/sdb                  8:16   0   20G  0 disk 
/dev/sr0                 11:0    1  8.6G  0 rom  /run/media/lisa/CentOS-8-3-2011

[root@localhost lisa]# lvmdiskscan
  /dev/sda1 [       1.00 GiB] 
  /dev/sda2 [     <19.00 GiB] LVM physical volume
  /dev/sdb  [      20.00 GiB] 
  1 disk
  1 partition
  0 LVM physical volume whole disks
  1 LVM physical volume

[root@localhost lisa]# df -h
Filesystem           Size  Used Avail Use% Mounted on
devtmpfs             866M     0  866M   0% /dev
tmpfs                896M     0  896M   0% /dev/shm
tmpfs                896M  9.7M  886M   2% /run
tmpfs                896M     0  896M   0% /sys/fs/cgroup
/dev/mapper/cl-root   17G  4.6G   13G  28% /
/dev/sda1           1014M  240M  775M  24% /boot
tmpfs                180M  1.2M  178M   1% /run/user/42
tmpfs                180M  4.6M  175M   3% /run/user/1000
/dev/sr0             8.7G  8.7G     0 100% /run/media/lisa/CentOS-8-3-2011-x86_64-dvd


[root@localhost lisa]# fdisk -l
Disk /dev/sda: 20 GiB, 21474836480 bytes, 41943040 sectors
Units: sectors of 1 * 512 = 512 bytes
Sector size (logical/physical): 512 bytes / 512 bytes
I/O size (minimum/optimal): 512 bytes / 512 bytes
Disklabel type: dos
Disk identifier: 0x531284a9

Device     Boot   Start      End  Sectors Size Id Type
/dev/sda1  *       2048  2099199  2097152   1G 83 Linux
/dev/sda2       2099200 41943039 39843840  19G 8e Linux LVM


Disk /dev/sdb: 20 GiB, 21474836480 bytes, 41943040 sectors
Units: sectors of 1 * 512 = 512 bytes
Sector size (logical/physical): 512 bytes / 512 bytes
I/O size (minimum/optimal): 512 bytes / 512 bytes


Disk /dev/mapper/cl-root: 17 GiB, 18249416704 bytes, 35643392 sectors
Units: sectors of 1 * 512 = 512 bytes
Sector size (logical/physical): 512 bytes / 512 bytes
I/O size (minimum/optimal): 512 bytes / 512 bytes


Disk /dev/mapper/cl-swap: 2 GiB, 2147483648 bytes, 4194304 sectors
Units: sectors of 1 * 512 = 512 bytes
Sector size (logical/physical): 512 bytes / 512 bytes
I/O size (minimum/optimal): 512 bytes / 512 bytes


# /dev/sdb is available
# create partition and physical volume
[root@localhost /]# pvs
  PV         VG Fmt  Attr PSize   PFree
  /dev/sda2  cl lvm2 a--  <19.00g    0 


# create partition

[root@localhost /]# gdisk /dev/sdb
GPT fdisk (gdisk) version 1.0.3

Partition table scan:
  MBR: not present
  BSD: not present
  APM: not present
  GPT: not present

Creating new GPT entries.

Command (? for help): ?
b	back up GPT data to a file
c	change a partition's name
d	delete a partition
i	show detailed information on a partition
l	list known partition types
n	add a new partition
o	create a new empty GUID partition table (GPT)
p	print the partition table
q	quit without saving changes
r	recovery and transformation options (experts only)
s	sort partitions
t	change a partition's type code
v	verify disk
w	write table to disk and exit
x	extra functionality (experts only)
?	print this menu

Command (? for help): n
Partition number (1-128, default 1): 1
First sector (34-41943006, default = 2048) or {+-}size{KMGTP}: 
Last sector (2048-41943006, default = 41943006) or {+-}size{KMGTP}: +4G
Current type is 'Linux filesystem'
Hex code or GUID (L to show codes, Enter = 8300): 
Changed type of partition to 'Linux filesystem'

Command (? for help): p
Disk /dev/sdb: 41943040 sectors, 20.0 GiB
Model: VMware Virtual S
Sector size (logical/physical): 512/512 bytes
Disk identifier (GUID): 767EE2B0-6529-4586-9F23-44368201BB8D
Partition table holds up to 128 entries
Main partition table begins at sector 2 and ends at sector 33
First usable sector is 34, last usable sector is 41943006
Partitions will be aligned on 2048-sector boundaries
Total free space is 33554365 sectors (16.0 GiB)

Number  Start (sector)    End (sector)  Size       Code  Name
   1            2048         8390655   4.0 GiB     8300  Linux filesystem

Command (? for help): w     

Final checks complete. About to write GPT data. THIS WILL OVERWRITE EXISTING
PARTITIONS!!

Do you want to proceed? (Y/N): y
OK; writing new GUID partition table (GPT) to /dev/sdb.
The operation has completed successfully.

[root@localhost /]# lsblk
NAME        MAJ:MIN RM  SIZE RO TYPE MOUNTPOINT
sda           8:0    0   20G  0 disk 
├─sda1        8:1    0    1G  0 part /boot
└─sda2        8:2    0   19G  0 part 
  ├─cl-root 253:0    0   17G  0 lvm  /
  └─cl-swap 253:1    0    2G  0 lvm  [SWAP]
sdb           8:16   0   20G  0 disk 
└─sdb1        8:17   0    4G  0 part 
sr0          11:0    1  8.6G  0 rom  /run/media/lisa/CentOS-8-3-2011-x86_64-dvd


# create pv
[root@localhost /]# pvcreate /dev/sdb1
  Physical volume "/dev/sdb1" successfully created.

[root@localhost /]# pvs
  PV         VG Fmt  Attr PSize   PFree
  /dev/sda2  cl lvm2 a--  <19.00g    0 
  /dev/sdb1     lvm2 ---    4.00g 4.00g
[root@localhost /]# pvdisplay
  --- Physical volume ---
  PV Name               /dev/sda2
  VG Name               cl
  PV Size               <19.00 GiB / not usable 3.00 MiB
  Allocatable           yes (but full)
  PE Size               4.00 MiB
  Total PE              4863
  Free PE               0
  Allocated PE          4863
  PV UUID               xSu98o-6nBy-TjVi-IrQx-1QFQ-VyX8-itZGtx
   
  "/dev/sdb1" is a new physical volume of "4.00 GiB"
  --- NEW Physical volume ---
  PV Name               /dev/sdb1
  VG Name               
  PV Size               4.00 GiB
  Allocatable           NO
  PE Size               0   
  Total PE              0
  Free PE               0
  Allocated PE          0
  PV UUID               7xUI0d-McRB-CBkF-HI37-wKG8-dOPv-gO1JWb
   
# create vg
[root@localhost /]# vgdisplay
  --- Volume group ---
  VG Name               cl
  System ID             
  Format                lvm2
  Metadata Areas        1
  Metadata Sequence No  3
  VG Access             read/write
  VG Status             resizable
  MAX LV                0
  Cur LV                2
  Open LV               2
  Max PV                0
  Cur PV                1
  Act PV                1
  VG Size               <19.00 GiB
  PE Size               4.00 MiB
  Total PE              4863
  Alloc PE / Size       4863 / <19.00 GiB
  Free  PE / Size       0 / 0   
  VG UUID               CkjEd5-3Wvu-4rZd-Suoy-Ju1O-8t3G-uuARMZ
   
[root@localhost /]# vgs
  VG #PV #LV #SN Attr   VSize   VFree
  cl   1   2   0 wz--n- <19.00g    0 

[root@localhost /]# vgcreate -s 2MiB vg-test /dev/sdb1
  Volume group "vg-test" successfully created


[root@localhost /]# vgs
  VG      #PV #LV #SN Attr   VSize   VFree 
  cl        1   2   0 wz--n- <19.00g     0 
  vg-test   1   0   0 wz--n-  <4.00g <4.00g


[root@localhost /]# vgdisplay
  --- Volume group ---
  VG Name               vg-test
  System ID             
  Format                lvm2
  Metadata Areas        1
  Metadata Sequence No  1
  VG Access             read/write
  VG Status             resizable
  MAX LV                0
  Cur LV                0
  Open LV               0
  Max PV                0
  Cur PV                1
  Act PV                1
  VG Size               <4.00 GiB
  PE Size               2.00 MiB
  Total PE              2047
  Alloc PE / Size       0 / 0   
  Free  PE / Size       2047 / <4.00 GiB
  VG UUID               msRiJ7-05Q1-CVNR-x2lm-uERp-uFNL-w668AF
   
  --- Volume group ---
  VG Name               cl
  System ID             
  Format                lvm2
  Metadata Areas        1
  Metadata Sequence No  3
  VG Access             read/write
  VG Status             resizable
  MAX LV                0
  Cur LV                2
  Open LV               2
  Max PV                0
  Cur PV                1
  Act PV                1
  VG Size               <19.00 GiB
  PE Size               4.00 MiB
  Total PE              4863
  Alloc PE / Size       4863 / <19.00 GiB
  Free  PE / Size       0 / 0   
  VG UUID               CkjEd5-3Wvu-4rZd-Suoy-Ju1O-8t3G-uuARMZ

# create lv
[root@localhost /]# lvcreate -L 1G -n myfiles vg-test
  Logical volume "myfiles" created.

[root@localhost /]# lvs
  LV      VG      Attr       LSize   Pool Origin Data%  Meta%  Move Log Cpy%Sync Convert
  root    cl      -wi-ao---- <17.00g                                                    
  swap    cl      -wi-ao----   2.00g                                                    
  myfiles vg-test -wi-a-----   1.00g                                                    
[root@localhost /]# lvdisplay
  --- Logical volume ---
  LV Path                /dev/vg-test/myfiles
  LV Name                myfiles
  VG Name                vg-test
  LV UUID                VP3aHk-jzhM-bUGf-QVVi-g2T1-9UI9-h9UB9g
  LV Write Access        read/write
  LV Creation host, time localhost.localdomain, 2021-01-24 16:52:19 -0700
  LV Status              available
  # open                 0
  LV Size                1.00 GiB
  Current LE             512
  Segments               1
  Allocation             inherit
  Read ahead sectors     auto
  - currently set to     8192
  Block device           253:2
   
  --- Logical volume ---
  LV Path                /dev/cl/swap
  LV Name                swap
  VG Name                cl
  LV UUID                zxkn85-E6m4-EYQW-vpJt-Opp3-cycf-nVm1Y5
  LV Write Access        read/write
  LV Creation host, time localhost, 2021-01-22 23:21:50 -0700
  LV Status              available
  # open                 2
  LV Size                2.00 GiB
  Current LE             512
  Segments               1
  Allocation             inherit
  Read ahead sectors     auto
  - currently set to     8192
  Block device           253:1
   
  --- Logical volume ---
  LV Path                /dev/cl/root
  LV Name                root
  VG Name                cl
  LV UUID                iycOYt-jd76-El2l-upWX-fbjB-ydJh-typrdm
  LV Write Access        read/write
  LV Creation host, time localhost, 2021-01-22 23:21:50 -0700
  LV Status              available
  # open                 1
  LV Size                <17.00 GiB
  Current LE             4351
  Segments               1
  Allocation             inherit
  Read ahead sectors     auto
  - currently set to     8192
  Block device           253:0
   

# create file system
[root@localhost /]# mkfs.ext4 /dev/vg-test/myfiles
mke2fs 1.45.6 (20-Mar-2020)
Creating filesystem with 262144 4k blocks and 65536 inodes
Filesystem UUID: 916b19d6-a562-43aa-a7ed-11f11f313bda
Superblock backups stored on blocks: 
	32768, 98304, 163840, 229376

Allocating group tables: done                            
Writing inode tables: done                            
Creating journal (8192 blocks): done
Writing superblocks and filesystem accounting information: done

# persistent mount
[root@localhost /]# vim /etc/fstab 
#
# /etc/fstab
# Created by anaconda on Sat Jan 23 06:22:08 2021
#
# Accessible filesystems, by reference, are maintained under '/dev/disk/'.
# See man pages fstab(5), findfs(8), mount(8) and/or blkid(8) for more info.
#
# After editing this file, run 'systemctl daemon-reload' to update systemd
# units generated from this file.
#
/dev/mapper/cl-root     /                       xfs     defaults        0 0
UUID=ac852133-2d9c-4580-af07-faaadbf3e8f0 /boot                   xfs     defaults        0 0
/dev/mapper/cl-swap     none                    swap    defaults        0 0
/dev/vg-test/myfiles    /myfiles        ext4    defaults        0       0

# create mount point
[root@localhost /]# mkdir myfiles

# mount everything specified in fstab
[root@localhost /]# mount -a

# verify
[root@localhost /]# df -h
Filesystem                    Size  Used Avail Use% Mounted on
devtmpfs                      866M     0  866M   0% /dev
tmpfs                         896M     0  896M   0% /dev/shm
tmpfs                         896M  9.7M  886M   2% /run
tmpfs                         896M     0  896M   0% /sys/fs/cgroup
/dev/mapper/cl-root            17G  4.6G   13G  28% /
/dev/sda1                    1014M  240M  775M  24% /boot
tmpfs                         180M  1.2M  178M   1% /run/user/42
tmpfs                         180M  4.6M  175M   3% /run/user/1000
/dev/sr0                      8.7G  8.7G     0 100% /run/media/lisa/CentOS-8-3-2011-x86_64-dvd
/dev/mapper/vg--test-myfiles  976M  2.6M  907M   1% /myfiles

[root@localhost /]# lsblk -p
NAME                             MAJ:MIN RM  SIZE RO TYPE MOUNTPOINT
/dev/sda                           8:0    0   20G  0 disk 
├─/dev/sda1                        8:1    0    1G  0 part /boot
└─/dev/sda2                        8:2    0   19G  0 part 
  ├─/dev/mapper/cl-root          253:0    0   17G  0 lvm  /
  └─/dev/mapper/cl-swap          253:1    0    2G  0 lvm  [SWAP]
/dev/sdb                           8:16   0   20G  0 disk 
└─/dev/sdb1                        8:17   0    4G  0 part 
  └─/dev/mapper/vg--test-myfiles 253:2    0    1G  0 lvm  /myfiles
/dev/sr0                          11:0    1  8.6G  0 rom  /run/media/lisa/CentOS-8-3-2011-x86_64-dvd