ln (1)               - make links between files
ln (1p)              - link files


inodes contains administrative data of a file, except the file name. 

The hard link is the filename which links to inode. The inode (index node) is a data structure in a Unix-style file system that describes a file-system object such as a file or a directory. Each inode stores the attributes and disk block locations of the object's data. And inode contains information about how to further access the file content.

File names are hard links. A file could have multiple hard links. It enables user to access the same file from multiple locations.

Symbolic link doesn't link to the inode but to the file name. It s more flexible. They can link to files on other devices. The major disadvantage is when the original file is removed, the symbolic link doesn't work any longer.

Limitations:
1. hard link can be created for files only
Symbolic link can be created for files and directories.

You cannot create hard link to directories.

2. to create a hard link, you need to be the owner of the file.

3. hard link must exist on the same device, partition, logical volumn
soft link can link to files on other devices.



Creating links
$ man ln
       ln [OPTION]... [-T] TARGET LINK_NAME
       ln [OPTION]... TARGET
       ln [OPTION]... TARGET... DIRECTORY
       ln [OPTION]... -t DIRECTORY TARGET...
DESCRIPTION
       In  the  1st form, create a link to TARGET with the name LINK_NAME.  In the 2nd form, create a link to TARGET in
       the current directory.  In the 3rd and 4th forms, create links to each TARGET in DIRECTORY.  Create  hard  links
       by  default, symbolic links with --symbolic.  By default, each destination (name of new link) should not already
       exist.  When creating hard links, each TARGET must exist. 

Create a hard link to /etc/hosts in the current directroy

[root@localhost lisa]# ln /etc/hosts .

[root@localhost lisa]# ls -l
total 168
drwxr-xr-x. 2 lisa lisa     6 Jan 23 00:10 Desktop
drwxr-xr-x. 2 lisa lisa     6 Jan 23 00:10 Documents
drwxr-xr-x. 2 lisa lisa     6 Jan 23 00:10 Downloads
-rw-r--r--. 2 root root   158 Sep 10  2018 hosts        ----> hard link, hard link counter == 2
-rw-rw-r--. 1 lisa lisa 78063 Jan 30 18:50 intelnew
-rw-rw-r--. 1 lisa lisa 78441 Jan 30 18:28 intel.txt
drwxr-xr-x. 2 lisa lisa     6 Jan 23 00:10 Music
drwxrwxr-x. 2 lisa lisa    37 Jan 31 17:39 newfiles
drwxrwxr-x. 2 lisa lisa    37 Jan 31 17:39 oldfiles
drwxr-xr-x. 2 lisa lisa     6 Jan 23 00:10 Pictures
drwxr-xr-x. 2 lisa lisa     6 Jan 23 00:10 Public
drwxr-xr-x. 2 lisa lisa     6 Jan 23 00:10 Templates
-rw-rw-r--. 1 lisa lisa  1038 Jan 30 19:13 testvim
-rw-rw-r--. 1 lisa lisa     0 Jan 31 17:39 unhidden
drwxr-xr-x. 2 lisa lisa     6 Jan 23 00:10 Videos


To create the hard link, you need to be the file owner

[lisa@localhost oldfiles]$ ls -al /etc/hosts
-rw-r--r--. 1 root root 158 Sep 10  2018 /etc/hosts

[lisa@localhost ~]$ ln /etc/hosts .
ln: failed to create hard link './hosts' => '/etc/hosts': Operation not permitted


Create a symbolic link to /etc/hosts in the current directory

[root@localhost lisa]# ln -s /etc/hosts .
[root@localhost lisa]# ls -l
total 164
drwxr-xr-x. 2 lisa lisa     6 Jan 23 00:10 Desktop
drwxr-xr-x. 2 lisa lisa     6 Jan 23 00:10 Documents
drwxr-xr-x. 2 lisa lisa     6 Jan 23 00:10 Downloads
lrwxrwxrwx. 1 root root    10 Jan 31 22:47 hosts -> /etc/hosts    ---> symbolic link, the first char is an l
                                                                    it shows the name of the item it links to after the filename


Create a symbolic link to /home in the directory /tmp

[root@localhost lisa]# ls -s /home /tmp


Remove link example

[lisa@localhost ~]$ mkdir ~/test

[lisa@localhost ~]$ cp /etc/[a-e]* ~/test

[lisa@localhost ~]$ cd

[lisa@localhost ~]$ ln -s test link

[lisa@localhost ~]$ ls -al | grep test
lrwxrwxrwx.  1 lisa lisa      4 Jan 31 23:08 link -> test
drwxrwxr-x.  2 lisa lisa   4096 Apr 28 07:56 test

# remove the symbolic link without option -r or -f
[lisa@localhost ~]$ rm link
[lisa@localhost ~]$ ls -al | grep link

# link is removed as expected

[lisa@localhost ~]$ ls -l | grep test
drwxrwxr-x. 2 lisa lisa   4096 Apr 28 07:56 test

# create the link again
[lisa@localhost ~]$ ln -s test link


# remove the symbolic link, with option -r and -f
# using the bash command link completion this time
# it adds / in the end which will cause trouble
[lisa@localhost ~]$ rm -rf link/

# the link is not removed as expected
# it clears the data in original directory as well

[lisa@localhost ~]$ ls -l | grep test
lrwxrwxrwx. 1 lisa lisa      4 Apr 28 08:00 link -> test
drwxrwxr-x. 2 lisa lisa      6 Apr 28 08:00 test
[lisa@localhost ~]$ ls -l test/
total 0


# so do not use -r -f option when remove a symbolic link